oxc 0ac6db1a92 1 file tasks audited
ruff 13ddd08831 1 file tasks audited
dprint 011bd82db0 1 file tasks audited
ruff 1626251697 2 file tasks audited
dprint 04b1e42793 1 file tasks audited
oxc 0d2323a929 2 file tasks audited
ruff 2633fc231a 2 file tasks audited
oxc 1303520565 1 file tasks audited
dprint 299e34b8c2 1 file tasks audited
ruff 2703e0c491 2 file tasks audited
ruff 3234d6876a 2 file tasks audited
dprint 56596c123f 1 file tasks audited
oxc 1847506449 1 file tasks audited
ruff 3aab4db5d1 2 file tasks audited
dprint 6b8508f49f 1 file tasks audited
dprint 811e81d7c3 1 file tasks audited
oxc 199f4d5c42 1 file tasks audited
ruff 411eb71eb9 2 file tasks audited
ruff 4195c29a5f 2 file tasks audited
oxc 1a7f972d3f 1 file tasks audited
dprint 906d37c933 1 file tasks audited
ruff 46d37c018f 1 file tasks audited
oxc 1b87e51fcb 2 file tasks audited
dprint 92f8443e9a 1 file tasks audited
oxc 1b91b371a1 1 file tasks audited
oxc 1cf699b337 3 file tasks audited
ruff 4a238e1789 2 file tasks audited
oxc 1d4f4e1b0e 2 file tasks audited
ruff 4d04b4bfb2 2 file tasks audited
ruff 533b305280 2 file tasks audited
dprint 9a1da1a8b3 1 file tasks audited
oxc 1f3c8561e8 2 file tasks audited
dprint bfb4afecc9 1 file tasks audited
ruff 57913c4ef8 2 file tasks audited
dprint e87e809241 1 file tasks audited
oxc 22fceaf00d 1 file tasks audited
ruff 59d67af3c1 2 file tasks audited
dprint fbba7b25dc 1 file tasks audited
uv 03ac64a1af 2 file tasks audited
oxc 2d78f59b25 2 file tasks audited
ruff 5bd2956375 2 file tasks audited
ruff 5f14d6debc 2 file tasks audited
oxc 3101f47ce8 1 file tasks audited
oxc 32a81af74b 1 file tasks audited
uv 0d22a0c5dc 2 file tasks audited
ruff 6ce8a966d8 1 file tasks audited
oxc 32a9c4bb69 1 file tasks audited
uv 1f2bcb028a 2 file tasks audited
oxc 3ab78f05d4 1 file tasks audited
uv 3840b2bf45 2 file tasks audited
oxc 3f1e4bd707 1 file tasks audited
ruff 70cb59ac8c 2 file tasks audited
uv 3a037c9333 2 file tasks audited
oxc 3fda2deefb 2 file tasks audited
ruff 83d43ab767 1 file tasks audited
oxc 40a6716a74 1 file tasks audited
uv 4e96325ae6 2 file tasks audited
ruff 860c260e06 2 file tasks audited
oxc 4118e18c46 1 file tasks audited
uv 50d9de405b 2 file tasks audited
oxc 4992ec2979 1 file tasks audited
uv 51aa609ffc 2 file tasks audited
oxc 4c6e4b2bb4 1 file tasks audited
ruff 9086baf53b 1 file tasks audited
uv 5cbb262f9a 2 file tasks audited
oxc 55a4d98abb 1 file tasks audited
ruff 940e122af2 2 file tasks audited
uv 6b9f39a42a 2 file tasks audited
ruff 9be03a98f6 1 file tasks audited
oxc 5ff561a62f 1 file tasks audited
ruff 9ed3cafb3e 2 file tasks audited
uv 6f890ccd87 2 file tasks audited
oxc 611f00f320 1 file tasks audited
uv 750084cd39 2 file tasks audited
ruff a0417c69be 2 file tasks audited
uv 7ea30f5b21 2 file tasks audited
oxc 64cb3e19af 1 file tasks audited
uv 8ebecee9fc 2 file tasks audited
oxc 68dbaab251 1 file tasks audited
oxc 6a67409bd8 1 file tasks audited
uv 9231131d3e 2 file tasks audited
ruff aff7a8fedd 2 file tasks audited
uv af6a167825 2 file tasks audited
ruff d01f161376 2 file tasks audited
uv b22aa46f99 2 file tasks audited
ruff e6d952df9b 2 file tasks audited
oxc 76b4fa140e 1 file tasks audited
ruff e832afde54 2 file tasks audited
uv c2bfb61b26 2 file tasks audited
ruff eb0a23b512 2 file tasks audited
uv e2a3c21269 2 file tasks audited
oxc 776d85ea83 1 file tasks audited
pulumi 188fe63d7c 2 file tasks audited
oxc 790b700d7a 1 file tasks audited
pulumi 1ba25ab6e4 2 file tasks audited
uv f2b2417e84 2 file tasks audited
uv fd4b0a9f0f 2 file tasks audited
pulumi 1ec2a9ca80 2 file tasks audited
transformers 1b16c0fcb0 2 file tasks audited
oxc 7ba47afca2 2 file tasks audited
oxc 7bd60d434c 1 file tasks audited
transformers 20804d49a7 2 file tasks audited
pulumi 2bcd312de9 2 file tasks audited
transformers 351c8164e6 2 file tasks audited
oxc 7c7e082e71 1 file tasks audited
pulumi 35ae8d7a3d 2 file tasks audited
pulumi 3b819f550f 2 file tasks audited
oxc 7d99c0d33b 1 file tasks audited
pulumi 4ad1aa3b7c 2 file tasks audited
oxc 7d9ee4d797 1 file tasks audited
pulumi 4f2efa2f6a 2 file tasks audited
transformers 3805581706 2 file tasks audited
pulumi 5890f484eb 2 file tasks audited
oxc 810046da58 1 file tasks audited
pulumi 6355e0775f 2 file tasks audited
oxc 85fb06c123 1 file tasks audited
transformers 47cfee038f 2 file tasks audited
oxc 86c3c454f5 2 file tasks audited
transformers 4d2947c70d 2 file tasks audited
pulumi 6e92323457 2 file tasks audited
pulumi 8ca17e54df 2 file tasks audited
transformers 7586a7513b 2 file tasks audited
pulumi 929dfaa651 2 file tasks audited
oxc 87a4e602a3 1 file tasks audited
transformers 76fdcb1796 2 file tasks audited
oxc 8828f4df62 1 file tasks audited
pulumi a59bd22f41 2 file tasks audited
transformers 7fe7d6fa60 2 file tasks audited
oxc 8a48a851d9 2 file tasks audited
pulumi a9f85dc798 2 file tasks audited
transformers 86840c099b 1 file tasks audited
pulumi b1e5b67c64 2 file tasks audited
oxc 8cc964325b 2 file tasks audited
transformers 94aac9980b 2 file tasks audited
pulumi c38f8b507a 3 file tasks audited
pulumi d4475302f2 2 file tasks audited
oxc 963edb0e4a 1 file tasks audited
pulumi e624c53832 2 file tasks audited
transformers 97922c3a97 2 file tasks audited
transformers 99ddac4436 2 file tasks audited
oxc 99a39b1887 1 file tasks audited
oxc 9abc6dc1d0 2 file tasks audited
transformers b7318e6437 2 file tasks audited
pulumi fd18f0b7d0 2 file tasks audited
transformers c2f0b1ac5a 2 file tasks audited
oxc a03b9a5695 2 file tasks audited
opensearch 1fc2807b60 2 file tasks audited
oxc a34101fe7d 1 file tasks audited
transformers c30e7888da 2 file tasks audited
oxc a3a1bc4688 1 file tasks audited
opensearch 2d2b869af4 2 file tasks audited
oxc a4062df9b7 1 file tasks audited
transformers c52a9a62b7 2 file tasks audited
oxc ac22d8dba6 1 file tasks audited
oxc ada1fb03f5 1 file tasks audited
opensearch 76aad41538 3 file tasks audited
oxc b21668c82b 1 file tasks audited
oxc b66b1874ae 1 file tasks audited
opensearch 863e6b0fa2 2 file tasks audited
transformers cd3d9f9ec6 2 file tasks audited
opensearch 8b38a336a9 3 file tasks audited
opensearch 9ce1e05563 2 file tasks audited
transformers d0ffb501f0 2 file tasks audited
opensearch b627d8cf23 3 file tasks audited
oxc b71b432fa2 1 file tasks audited
opensearch c9c93af77d 3 file tasks audited
transformers e94856532a 2 file tasks audited
oxc b9ab0dc50a 1 file tasks audited
transformers ef71552d23 2 file tasks audited
oxc bac99ca19d 1 file tasks audited
opensearch d57be0f611 2 file tasks audited
oxc bb994d41ac 2 file tasks audited
opensearch dbc4b74383 2 file tasks audited
oxc c5c8a98542 2 file tasks audited
oxc cd1eca62dc 1 file tasks audited
oxc cd3a03bc0b 1 file tasks audited
oxc d1c6ed9a00 1 file tasks audited
oxc d399800eb9 1 file tasks audited
oxc d828f143c5 2 file tasks audited
oxc da95937ce4 1 file tasks audited
oxc db0187b351 1 file tasks audited
oxc db2898f907 1 file tasks audited
oxc de195714d7 1 file tasks audited
oxc e15c874c8b 1 file tasks audited
oxc e47692cdce 2 file tasks audited
oxc e7485eff30 1 file tasks audited
oxc e97deaf2c1 1 file tasks audited
oxc ea3919694c 1 file tasks audited
oxc ea487af57a 1 file tasks audited
oxc ef33740527 2 file tasks audited
oxc efa38984fe 1 file tasks audited
oxc f06198563b 1 file tasks audited
oxc f64aac8a62 1 file tasks audited
oxc ff8752a59c 1 file tasks audited
