{"complete":"ledger-seed10000-65536","pid":570349,"qa_pairs":32}
{"complete":"reservation-seed10001-65536","pid":570348,"qa_pairs":32}
{"complete":"ledger-seed10000-131072","pid":570347,"qa_pairs":32}
{"complete":"reservation-seed10001-131072","pid":570349,"qa_pairs":32}
{"complete":"rule_learning-seed10002-65536","pid":570347,"qa_pairs":32}
{"complete":"rule_learning-seed10002-131072","pid":570347,"qa_pairs":32}
{"complete":"workflow-seed10003-65536","pid":570347,"qa_pairs":32}
{"complete":"ledger-seed10000-262144","pid":570344,"qa_pairs":32}
{"complete":"rule_learning-seed10002-262144","pid":570349,"qa_pairs":32}
{"complete":"reservation-seed10001-262144","pid":570348,"qa_pairs":32}
{"complete":"workflow-seed10003-131072","pid":570344,"qa_pairs":32}
{"complete":"ledger-seed10004-65536","pid":570349,"qa_pairs":32}
{"complete":"reservation-seed10005-65536","pid":570349,"qa_pairs":32}
{"complete":"ledger-seed10004-131072","pid":570348,"qa_pairs":32}
{"complete":"workflow-seed10003-262144","pid":570347,"qa_pairs":32}
{"complete":"rule_learning-seed10006-65536","pid":570348,"qa_pairs":32}
{"complete":"reservation-seed10005-131072","pid":570349,"qa_pairs":32}
{"complete":"rule_learning-seed10006-131072","pid":570348,"qa_pairs":32}
{"complete":"ledger-seed10004-262144","pid":570344,"qa_pairs":32}
{"complete":"workflow-seed10007-65536","pid":570348,"qa_pairs":32}
{"complete":"workflow-seed10007-131072","pid":570344,"qa_pairs":32}
{"complete":"rule_learning-seed10006-262144","pid":570349,"qa_pairs":32}
{"complete":"reservation-seed10005-262144","pid":570347,"qa_pairs":32}
{"complete":"ledger-seed10008-65536","pid":570349,"qa_pairs":32}
{"complete":"reservation-seed10009-65536","pid":570349,"qa_pairs":32}
{"complete":"workflow-seed10007-262144","pid":570348,"qa_pairs":32}
{"complete":"ledger-seed10008-131072","pid":570344,"qa_pairs":32}
{"complete":"rule_learning-seed10010-65536","pid":570349,"qa_pairs":32}
{"complete":"reservation-seed10009-131072","pid":570348,"qa_pairs":32}
{"complete":"rule_learning-seed10010-131072","pid":570349,"qa_pairs":32}
{"complete":"ledger-seed10008-262144","pid":570347,"qa_pairs":32}
{"complete":"workflow-seed10011-65536","pid":570347,"qa_pairs":32}
{"complete":"reservation-seed10009-262144","pid":570344,"qa_pairs":32}
{"complete":"rule_learning-seed10010-262144","pid":570349,"qa_pairs":32}
{"complete":"workflow-seed10011-131072","pid":570348,"qa_pairs":32}
{"complete":"ledger-seed10012-65536","pid":570344,"qa_pairs":32}
{"complete":"reservation-seed10013-65536","pid":570344,"qa_pairs":32}
{"complete":"workflow-seed10011-262144","pid":570347,"qa_pairs":32}
{"complete":"ledger-seed10012-131072","pid":570349,"qa_pairs":32}
{"complete":"rule_learning-seed10014-65536","pid":570344,"qa_pairs":32}
{"complete":"rule_learning-seed10014-131072","pid":570344,"qa_pairs":32}
{"complete":"reservation-seed10013-131072","pid":570347,"qa_pairs":32}
{"complete":"workflow-seed10015-65536","pid":570344,"qa_pairs":32}
{"complete":"ledger-seed10012-262144","pid":570348,"qa_pairs":32}
{"complete":"workflow-seed10015-131072","pid":570348,"qa_pairs":32}
{"complete":"rule_learning-seed10014-262144","pid":570347,"qa_pairs":32}
{"complete":"reservation-seed10013-262144","pid":570349,"qa_pairs":32}
{"complete":"ledger-seed10016-65536","pid":570349,"qa_pairs":32}
{"complete":"reservation-seed10017-65536","pid":570349,"qa_pairs":32}
{"complete":"workflow-seed10015-262144","pid":570344,"qa_pairs":32}
{"complete":"ledger-seed10016-131072","pid":570348,"qa_pairs":32}
{"complete":"rule_learning-seed10018-65536","pid":570344,"qa_pairs":32}
{"complete":"reservation-seed10017-131072","pid":570349,"qa_pairs":32}
{"complete":"rule_learning-seed10018-131072","pid":570344,"qa_pairs":32}
{"complete":"ledger-seed10016-262144","pid":570347,"qa_pairs":32}
{"complete":"workflow-seed10019-65536","pid":570344,"qa_pairs":32}
{"complete":"workflow-seed10019-131072","pid":570347,"qa_pairs":32}
{"complete":"reservation-seed10017-262144","pid":570348,"qa_pairs":32}
{"complete":"rule_learning-seed10018-262144","pid":570349,"qa_pairs":32}
{"complete":"ledger-seed10020-65536","pid":570347,"qa_pairs":32}
{"complete":"workflow-seed10019-262144","pid":570344,"qa_pairs":32}
{"complete":"reservation-seed10021-65536","pid":570347,"qa_pairs":32}
{"complete":"ledger-seed10020-131072","pid":570348,"qa_pairs":32}
{"complete":"rule_learning-seed10022-65536","pid":570344,"qa_pairs":32}
{"complete":"reservation-seed10021-131072","pid":570347,"qa_pairs":32}
{"complete":"rule_learning-seed10022-131072","pid":570344,"qa_pairs":32}
{"complete":"workflow-seed10023-65536","pid":570344,"qa_pairs":32}
{"complete":"ledger-seed10020-262144","pid":570349,"qa_pairs":32}
{"complete":"workflow-seed10023-131072","pid":570349,"qa_pairs":32}
{"complete":"reservation-seed10021-262144","pid":570348,"qa_pairs":32}
{"complete":"rule_learning-seed10022-262144","pid":570347,"qa_pairs":32}
{"complete":"ledger-seed10024-65536","pid":570349,"qa_pairs":32}
{"complete":"reservation-seed10025-65536","pid":570349,"qa_pairs":32}
{"complete":"workflow-seed10023-262144","pid":570344,"qa_pairs":32}
{"complete":"ledger-seed10024-131072","pid":570348,"qa_pairs":32}
{"complete":"rule_learning-seed10026-65536","pid":570348,"qa_pairs":32}
{"complete":"reservation-seed10025-131072","pid":570349,"qa_pairs":32}
{"complete":"rule_learning-seed10026-131072","pid":570348,"qa_pairs":32}
{"complete":"ledger-seed10024-262144","pid":570347,"qa_pairs":32}
{"complete":"workflow-seed10027-65536","pid":570348,"qa_pairs":32}
{"complete":"workflow-seed10027-131072","pid":570347,"qa_pairs":32}
{"complete":"reservation-seed10025-262144","pid":570344,"qa_pairs":32}
{"complete":"rule_learning-seed10026-262144","pid":570349,"qa_pairs":32}
{"complete":"ledger-seed10028-65536","pid":570349,"qa_pairs":32}
{"complete":"workflow-seed10027-262144","pid":570348,"qa_pairs":32}
{"complete":"reservation-seed10029-65536","pid":570349,"qa_pairs":32}
{"complete":"ledger-seed10028-131072","pid":570347,"qa_pairs":32}
{"complete":"rule_learning-seed10030-65536","pid":570347,"qa_pairs":32}
{"complete":"reservation-seed10029-131072","pid":570349,"qa_pairs":32}
{"complete":"rule_learning-seed10030-131072","pid":570347,"qa_pairs":32}
{"complete":"ledger-seed10028-262144","pid":570344,"qa_pairs":32}
{"complete":"workflow-seed10031-65536","pid":570347,"qa_pairs":32}
{"complete":"workflow-seed10031-131072","pid":570347,"qa_pairs":32}
{"complete":"reservation-seed10029-262144","pid":570348,"qa_pairs":32}
{"complete":"rule_learning-seed10030-262144","pid":570349,"qa_pairs":32}
{"complete":"ledger-seed10032-65536","pid":570347,"qa_pairs":32}
{"complete":"reservation-seed10033-65536","pid":570347,"qa_pairs":32}
{"complete":"workflow-seed10031-262144","pid":570344,"qa_pairs":32}
{"complete":"ledger-seed10032-131072","pid":570348,"qa_pairs":32}
{"complete":"rule_learning-seed10034-65536","pid":570348,"qa_pairs":32}
{"complete":"rule_learning-seed10034-131072","pid":570348,"qa_pairs":32}
{"complete":"reservation-seed10033-131072","pid":570344,"qa_pairs":32}
{"complete":"workflow-seed10035-65536","pid":570349,"qa_pairs":32}
{"complete":"ledger-seed10032-262144","pid":570349,"qa_pairs":32}
{"complete":"workflow-seed10035-131072","pid":570348,"qa_pairs":32}
{"complete":"rule_learning-seed10034-262144","pid":570344,"qa_pairs":32}
{"complete":"reservation-seed10033-262144","pid":570347,"qa_pairs":32}
{"complete":"ledger-seed10036-65536","pid":570348,"qa_pairs":32}
{"complete":"reservation-seed10037-65536","pid":570348,"qa_pairs":32}
{"complete":"workflow-seed10035-262144","pid":570349,"qa_pairs":32}
{"complete":"ledger-seed10036-131072","pid":570347,"qa_pairs":32}
{"complete":"rule_learning-seed10038-65536","pid":570347,"qa_pairs":32}
{"complete":"reservation-seed10037-131072","pid":570348,"qa_pairs":32}
{"complete":"rule_learning-seed10038-131072","pid":570347,"qa_pairs":32}
{"complete":"workflow-seed10039-65536","pid":570347,"qa_pairs":32}
{"complete":"ledger-seed10036-262144","pid":570344,"qa_pairs":32}
{"complete":"workflow-seed10039-131072","pid":570347,"qa_pairs":32}
{"complete":"rule_learning-seed10038-262144","pid":570348,"qa_pairs":32}
{"complete":"reservation-seed10037-262144","pid":570349,"qa_pairs":32}
{"complete":"ledger-seed10040-65536","pid":570349,"qa_pairs":32}
{"complete":"reservation-seed10041-65536","pid":570349,"qa_pairs":32}
{"complete":"workflow-seed10039-262144","pid":570344,"qa_pairs":32}
{"complete":"ledger-seed10040-131072","pid":570347,"qa_pairs":32}
{"complete":"rule_learning-seed10042-65536","pid":570347,"qa_pairs":32}
{"complete":"reservation-seed10041-131072","pid":570349,"qa_pairs":32}
{"complete":"rule_learning-seed10042-131072","pid":570347,"qa_pairs":32}
{"complete":"ledger-seed10040-262144","pid":570348,"qa_pairs":32}
{"complete":"workflow-seed10043-65536","pid":570347,"qa_pairs":32}
{"complete":"workflow-seed10043-131072","pid":570348,"qa_pairs":32}
{"complete":"rule_learning-seed10042-262144","pid":570349,"qa_pairs":32}
{"complete":"reservation-seed10041-262144","pid":570344,"qa_pairs":32}
{"complete":"ledger-seed10044-65536","pid":570349,"qa_pairs":32}
{"complete":"reservation-seed10045-65536","pid":570349,"qa_pairs":32}
{"complete":"workflow-seed10043-262144","pid":570347,"qa_pairs":32}
{"complete":"ledger-seed10044-131072","pid":570348,"qa_pairs":32}
{"complete":"rule_learning-seed10046-65536","pid":570348,"qa_pairs":32}
{"complete":"reservation-seed10045-131072","pid":570349,"qa_pairs":32}
{"complete":"rule_learning-seed10046-131072","pid":570348,"qa_pairs":32}
{"complete":"workflow-seed10047-65536","pid":570348,"qa_pairs":32}
{"complete":"ledger-seed10044-262144","pid":570344,"qa_pairs":32}
{"complete":"reservation-seed10045-262144","pid":570347,"qa_pairs":32}
{"complete":"workflow-seed10047-131072","pid":570348,"qa_pairs":32}
{"complete":"rule_learning-seed10046-262144","pid":570349,"qa_pairs":32}
{"complete":"ledger-seed10048-65536","pid":570349,"qa_pairs":32}
{"complete":"reservation-seed10049-65536","pid":570349,"qa_pairs":32}
{"complete":"ledger-seed10048-131072","pid":570347,"qa_pairs":32}
{"complete":"workflow-seed10047-262144","pid":570344,"qa_pairs":32}
{"complete":"rule_learning-seed10050-65536","pid":570347,"qa_pairs":32}
{"complete":"reservation-seed10049-131072","pid":570349,"qa_pairs":32}
{"complete":"rule_learning-seed10050-131072","pid":570347,"qa_pairs":32}
{"complete":"ledger-seed10048-262144","pid":570348,"qa_pairs":32}
{"complete":"workflow-seed10051-65536","pid":570347,"qa_pairs":32}
{"complete":"reservation-seed10049-262144","pid":570344,"qa_pairs":32}
{"complete":"workflow-seed10051-131072","pid":570348,"qa_pairs":32}
{"complete":"rule_learning-seed10050-262144","pid":570349,"qa_pairs":32}
{"complete":"ledger-seed10052-65536","pid":570348,"qa_pairs":32}
{"complete":"workflow-seed10051-262144","pid":570347,"qa_pairs":32}
{"complete":"ledger-seed10052-131072","pid":570349,"qa_pairs":32}
{"complete":"reservation-seed10053-65536","pid":570348,"qa_pairs":32}
{"complete":"rule_learning-seed10054-65536","pid":570349,"qa_pairs":32}
{"complete":"rule_learning-seed10054-131072","pid":570349,"qa_pairs":32}
{"complete":"reservation-seed10053-131072","pid":570348,"qa_pairs":32}
{"complete":"ledger-seed10052-262144","pid":570344,"qa_pairs":32}
{"complete":"workflow-seed10055-65536","pid":570349,"qa_pairs":32}
{"complete":"workflow-seed10055-131072","pid":570344,"qa_pairs":32}
{"complete":"rule_learning-seed10054-262144","pid":570348,"qa_pairs":32}
{"complete":"reservation-seed10053-262144","pid":570347,"qa_pairs":32}
{"complete":"ledger-seed10056-65536","pid":570347,"qa_pairs":32}
{"complete":"workflow-seed10055-262144","pid":570349,"qa_pairs":32}
{"complete":"reservation-seed10057-65536","pid":570347,"qa_pairs":32}
{"complete":"ledger-seed10056-131072","pid":570344,"qa_pairs":32}
{"complete":"rule_learning-seed10058-65536","pid":570344,"qa_pairs":32}
{"complete":"reservation-seed10057-131072","pid":570349,"qa_pairs":32}
{"complete":"rule_learning-seed10058-131072","pid":570344,"qa_pairs":32}
{"complete":"workflow-seed10059-65536","pid":570344,"qa_pairs":32}
{"complete":"ledger-seed10056-262144","pid":570348,"qa_pairs":32}
{"complete":"reservation-seed10057-262144","pid":570347,"qa_pairs":32}
{"complete":"workflow-seed10059-131072","pid":570348,"qa_pairs":32}
{"complete":"rule_learning-seed10058-262144","pid":570349,"qa_pairs":32}
{"complete":"ledger-seed10060-65536","pid":570349,"qa_pairs":32}
{"complete":"reservation-seed10061-65536","pid":570349,"qa_pairs":32}
{"complete":"ledger-seed10060-131072","pid":570348,"qa_pairs":32}
{"complete":"workflow-seed10059-262144","pid":570344,"qa_pairs":32}
{"complete":"rule_learning-seed10062-65536","pid":570348,"qa_pairs":32}
{"complete":"rule_learning-seed10062-131072","pid":570348,"qa_pairs":32}
{"complete":"reservation-seed10061-131072","pid":570349,"qa_pairs":32}
{"complete":"workflow-seed10063-65536","pid":570348,"qa_pairs":32}
{"complete":"ledger-seed10060-262144","pid":570347,"qa_pairs":32}
{"complete":"workflow-seed10063-131072","pid":570347,"qa_pairs":32}
{"complete":"reservation-seed10061-262144","pid":570344,"qa_pairs":32}
{"complete":"rule_learning-seed10062-262144","pid":570349,"qa_pairs":32}
{"complete":"workflow-seed10063-262144","pid":570348,"qa_pairs":32}
{"qa_pairs":6144,"rows":384,"status":"local_symbolic_curriculum_complete","supervised_tokens":982213,"worker_pids":[570344,570347,570348,570349]}
