{
  "conditions": [
    {
      "n": 6,
      "weighted_n": 6,
      "tokens_est": 591609,
      "path": "B5.json",
      "by_view": {
        "full": 2,
        "cf": 2,
        "ordered_artifact_view": 2
      },
      "by_length": {
        "128k": 3,
        "64k": 3
      },
      "by_timing": {
        "first": 6
      },
      "by_view_length": {
        "full|128k": 1,
        "cf|128k": 1,
        "ordered_artifact_view|64k": 1,
        "full|64k": 1,
        "cf|64k": 1,
        "ordered_artifact_view|128k": 1
      },
      "upsample": false,
      "duplicates_dropped": 0,
      "contract_rejects": 0,
      "condition": "B5"
    }
  ],
  "token_spread": 0.0,
  "b5w_sampler": null
}
