{
  "conditions": [
    {
      "n": 3,
      "weighted_n": 3,
      "tokens_est": 197121,
      "path": "B5.json",
      "by_view": {
        "ordered_artifact_view": 1,
        "full": 1,
        "cf": 1
      },
      "by_length": {
        "64k": 3
      },
      "by_timing": {
        "first": 3
      },
      "by_view_length": {
        "ordered_artifact_view|64k": 1,
        "full|64k": 1,
        "cf|64k": 1
      },
      "upsample": false,
      "duplicates_dropped": 0,
      "contract_rejects": 0,
      "condition": "B5"
    }
  ],
  "token_spread": 0.0,
  "b5w_sampler": null
}
