$ /workspace/wynckeliao/longworld-worlds/.venv/bin/python /workspace/wynckeliao/longworld-worlds/scripts/run_with_local_probe_trust.py --trust-file /workspace/wynckeliao/.longworld-scaleout-20260906-private/alphabet/local_probe_trust.json --role source --role candidate --allow-combined-roles --pass-env HF_HOME --pass-env HF_HUB_OFFLINE --pass-env TRANSFORMERS_OFFLINE --pass-env TOKENIZERS_PARALLELISM -- /workspace/wynckeliao/longworld-worlds/.venv/bin/python /workspace/wynckeliao/longworld-worlds/reports/p59_finance_reconstruction_generate.py --config /workspace/wynckeliao/longworld-worlds/configs/p59_finance_alphabet_reconstruction_v1.json
Traceback (most recent call last):
  File "/workspace/wynckeliao/longworld-worlds/reports/p59_finance_reconstruction_generate.py", line 68, in <module>
    raise ValueError("immutable source successor already differs")
ValueError: immutable source successor already differs
$ /workspace/wynckeliao/longworld-worlds/.venv/bin/python /workspace/wynckeliao/longworld-worlds/scripts/run_with_local_probe_trust.py --trust-file /workspace/wynckeliao/.longworld-scaleout-20260906-private/alphabet/local_probe_trust.json --role source --role candidate --allow-combined-roles --pass-env HF_HOME --pass-env HF_HUB_OFFLINE --pass-env TRANSFORMERS_OFFLINE --pass-env TOKENIZERS_PARALLELISM -- /workspace/wynckeliao/longworld-worlds/.venv/bin/python /workspace/wynckeliao/longworld-worlds/reports/p59_finance_reconstruction_generate.py --config /workspace/wynckeliao/longworld-worlds/configs/p59_finance_alphabet_reconstruction_v1.json
{
  "schema_version": "longworld.p59-finance-reconstruction-preflight.v1",
  "source_parent_sha256": "600e60abe31919a1d40c5a848a9184805464e34a43c4e14da3d1a0ca88d94ac1",
  "source_successor_sha256": "4028a54d58dca726657487ee1b4238e3213c3c0b59c5044cb2e1cc50faf31e3c",
  "source_text_and_old_facts_unchanged": true,
  "world_id": "finance_alphabet_reconstruction_2021_2024_p59_v1",
  "source_profile": "alphabet.financial-reconstruction.v1",
  "answer_program_id": "finance.multi_filing_reconstruction.v1",
  "required_roles": [
    "assets",
    "cash_from_financing",
    "cash_from_investing",
    "cash_from_operations",
    "cash_fx_effect",
    "cash_period_change",
    "liabilities_and_equity",
    "operating_income",
    "revenue"
  ],
  "new_semantic_tasks": 1,
  "new_source_worlds": 0,
  "base_replay_sufficient": true,
  "counterfactual_changes_numeric_answer": true,
  "remove_one_fails": true,
  "essential_source_rows": 36,
  "production_eligible": false
}
$ /workspace/wynckeliao/longworld-worlds/.venv/bin/python /workspace/wynckeliao/longworld-worlds/scripts/run_with_local_probe_trust.py --trust-file /workspace/wynckeliao/.longworld-scaleout-20260906-private/alphabet/local_probe_trust.json --role source --role candidate --allow-combined-roles --pass-env HF_HOME --pass-env HF_HUB_OFFLINE --pass-env TRANSFORMERS_OFFLINE --pass-env TOKENIZERS_PARALLELISM -- /workspace/wynckeliao/longworld-worlds/.venv/bin/python /workspace/wynckeliao/longworld-worlds/scripts/project_task_candidate_views.py --candidates /workspace/wynckeliao/longworld-worlds/reports/p59_finance_alphabet_reconstruction_v1/parents/parents.jsonl --sidecar /workspace/wynckeliao/longworld-worlds/reports/p59_finance_alphabet_reconstruction_v1/parents/TASK_REPLAY_SIDECAR.json --output-dir /workspace/wynckeliao/longworld-worlds/reports/p59_finance_alphabet_reconstruction_v1/projected --length-bucket 64k
$ /workspace/wynckeliao/longworld-worlds/.venv/bin/python /workspace/wynckeliao/longworld-worlds/scripts/run_with_local_probe_trust.py --trust-file /workspace/wynckeliao/.longworld-scaleout-20260906-private/alphabet/local_probe_trust.json --role ranker --pass-env HF_HOME --pass-env HF_HUB_OFFLINE --pass-env TRANSFORMERS_OFFLINE --pass-env TOKENIZERS_PARALLELISM -- /workspace/wynckeliao/longworld-worlds/.venv/bin/python /workspace/wynckeliao/longworld-worlds/scripts/rank_candidates_dense.py --candidates /workspace/wynckeliao/longworld-worlds/reports/p59_finance_alphabet_reconstruction_v1/projected/candidates.jsonl --output /workspace/wynckeliao/longworld-worlds/reports/p59_finance_alphabet_reconstruction_v1/projected/rankings.jsonl --model-id sentence-transformers/all-MiniLM-L6-v2 --revision 1110a243fdf4706b3f48f1d95db1a4f5529b4d41
Loading weights:   0%|          | 0/103 [00:00<?, ?it/s]Loading weights: 100%|██████████| 103/103 [00:00<00:00, 4536.48it/s]
[transformers] Token indices sequence length is longer than the specified maximum sequence length for this model (552 > 256). Running {"rows": 3, "output": "/workspace/wynckeliao/longworld-worlds/reports/p59this sequence through the model will result in indexing errors
_finance_alphabet_reconstruction_v1/projected/rankings.jsonl"}
$ /workspace/wynckeliao/longworld-worlds/.venv/bin/python /workspace/wynckeliao/longworld-worlds/scripts/run_with_local_probe_trust.py --trust-file /workspace/wynckeliao/.longworld-scaleout-20260906-private/alphabet/local_probe_trust.json --role source --role candidate --role ranker --role auditor --allow-combined-roles --pass-env HF_HOME --pass-env HF_HUB_OFFLINE --pass-env TRANSFORMERS_OFFLINE --pass-env TOKENIZERS_PARALLELISM -- /workspace/wynckeliao/longworld-worlds/.venv/bin/python /workspace/wynckeliao/longworld-worlds/scripts/project_task_candidate_views.py --candidates /workspace/wynckeliao/longworld-worlds/reports/p59_finance_alphabet_reconstruction_v1/parents/parents.jsonl --sidecar /workspace/wynckeliao/longworld-worlds/reports/p59_finance_alphabet_reconstruction_v1/projected/TASK_REPLAY_SIDECAR_V3.json --output-dir /workspace/wynckeliao/longworld-worlds/reports/p59_finance_alphabet_reconstruction_v1/projected --audit-only --rankings /workspace/wynckeliao/longworld-worlds/reports/p59_finance_alphabet_reconstruction_v1/projected/rankings.jsonl --audit-workers 3 --length-bucket 64k
