$ /workspace/wynckeliao/longworld-worlds/.venv/bin/python /workspace/wynckeliao/longworld-worlds/scripts/run_with_local_probe_trust.py --trust-file /workspace/wynckeliao/.longworld-scaleout-20260906-private/meta/local_probe_trust.json --role source --role candidate --allow-combined-roles --pass-env HF_HOME --pass-env HF_HUB_OFFLINE --pass-env TRANSFORMERS_OFFLINE --pass-env TOKENIZERS_PARALLELISM -- /workspace/wynckeliao/longworld-worlds/.venv/bin/python /workspace/wynckeliao/longworld-worlds/reports/p58_finance_meta_reconstruction_generate.py --config /workspace/wynckeliao/longworld-worlds/configs/p58_finance_meta_reconstruction_v1.json
Traceback (most recent call last):
  File "/workspace/wynckeliao/longworld-worlds/reports/p58_finance_meta_reconstruction_generate.py", line 41, in <module>
    report = materialize(args.config, output / 'materialized')
             ^^^^^^^^^^^^^^^^^^^^^^^^^^^^^^^^^^^^^^^^^^^^^^^^^
  File "/workspace/wynckeliao/longworld-worlds/scripts/materialize_finance_histories.py", line 160, in materialize
    rows = build_financial_history_candidates(
           ^^^^^^^^^^^^^^^^^^^^^^^^^^^^^^^^^^^
  File "/workspace/wynckeliao/longworld-worlds/longworld/core/financehistory.py", line 1791, in build_financial_history_candidates
    raise ProvenanceError("financial history base replay failed")
longworld.core.provenance.ProvenanceError: financial history base replay failed
$ /workspace/wynckeliao/longworld-worlds/.venv/bin/python /workspace/wynckeliao/longworld-worlds/scripts/run_with_local_probe_trust.py --trust-file /workspace/wynckeliao/.longworld-scaleout-20260906-private/meta/local_probe_trust.json --role source --role candidate --allow-combined-roles --pass-env HF_HOME --pass-env HF_HUB_OFFLINE --pass-env TRANSFORMERS_OFFLINE --pass-env TOKENIZERS_PARALLELISM -- /workspace/wynckeliao/longworld-worlds/.venv/bin/python /workspace/wynckeliao/longworld-worlds/reports/p58_finance_meta_reconstruction_generate.py --config /workspace/wynckeliao/longworld-worlds/configs/p58_finance_meta_reconstruction_v1.json
{
  "source_parent_sha256": "dee73fdc1d0937e698f2d61d5814ef3b3aacf0729fe3a1f77e75c58b6ff3110b",
  "source_successor_sha256": "7871f9310cc39bb94a465c7f960b538ebbf53ae752ecc1b439e641cebb4f2b5d",
  "source_bytes_unchanged": true,
  "profile": "meta.financial-reconstruction.v1",
  "parent_count": 3,
  "primary_bucket": "64k",
  "production_eligible": false,
  "train_ready": false
}
$ /workspace/wynckeliao/longworld-worlds/.venv/bin/python /workspace/wynckeliao/longworld-worlds/scripts/run_with_local_probe_trust.py --trust-file /workspace/wynckeliao/.longworld-scaleout-20260906-private/meta/local_probe_trust.json --role source --role candidate --allow-combined-roles --pass-env HF_HOME --pass-env HF_HUB_OFFLINE --pass-env TRANSFORMERS_OFFLINE --pass-env TOKENIZERS_PARALLELISM -- /workspace/wynckeliao/longworld-worlds/.venv/bin/python /workspace/wynckeliao/longworld-worlds/scripts/project_task_candidate_views.py --candidates /workspace/wynckeliao/longworld-worlds/reports/p58_finance_meta_reconstruction_v1/parents/parents.jsonl --sidecar /workspace/wynckeliao/longworld-worlds/reports/p58_finance_meta_reconstruction_v1/parents/TASK_REPLAY_SIDECAR.json --output-dir /workspace/wynckeliao/longworld-worlds/reports/p58_finance_meta_reconstruction_v1/projected
$ /workspace/wynckeliao/longworld-worlds/.venv/bin/python /workspace/wynckeliao/longworld-worlds/scripts/run_with_local_probe_trust.py --trust-file /workspace/wynckeliao/.longworld-scaleout-20260906-private/meta/local_probe_trust.json --role ranker --pass-env HF_HOME --pass-env HF_HUB_OFFLINE --pass-env TRANSFORMERS_OFFLINE --pass-env TOKENIZERS_PARALLELISM -- /workspace/wynckeliao/longworld-worlds/.venv/bin/python /workspace/wynckeliao/longworld-worlds/scripts/rank_candidates_dense.py --candidates /workspace/wynckeliao/longworld-worlds/reports/p58_finance_meta_reconstruction_v1/projected/candidates.jsonl --output /workspace/wynckeliao/longworld-worlds/reports/p58_finance_meta_reconstruction_v1/projected/rankings.jsonl --model-id sentence-transformers/all-MiniLM-L6-v2 --revision 1110a243fdf4706b3f48f1d95db1a4f5529b4d41
Loading weights:   0%|          | 0/103 [00:00<?, ?it/s]Loading weights: 100%|██████████| 103/103 [00:00<00:00, 3322.11it/s]
[transformers] Token indices sequence length is longer than the specified maximum sequence length for this model (564 > 256). Running {"rows": 9, "output": "/workspace/wynckeliao/longworld-worlds/reportsthis sequence through the model will result in indexing errors
/p58_finance_meta_reconstruction_v1/projected/rankings.jsonl"}
$ /workspace/wynckeliao/longworld-worlds/.venv/bin/python /workspace/wynckeliao/longworld-worlds/scripts/run_with_local_probe_trust.py --trust-file /workspace/wynckeliao/.longworld-scaleout-20260906-private/meta/local_probe_trust.json --role source --role candidate --role ranker --role auditor --allow-combined-roles --pass-env HF_HOME --pass-env HF_HUB_OFFLINE --pass-env TRANSFORMERS_OFFLINE --pass-env TOKENIZERS_PARALLELISM -- /workspace/wynckeliao/longworld-worlds/.venv/bin/python /workspace/wynckeliao/longworld-worlds/scripts/project_task_candidate_views.py --candidates /workspace/wynckeliao/longworld-worlds/reports/p58_finance_meta_reconstruction_v1/parents/parents.jsonl --sidecar /workspace/wynckeliao/longworld-worlds/reports/p58_finance_meta_reconstruction_v1/projected/TASK_REPLAY_SIDECAR_V3.json --output-dir /workspace/wynckeliao/longworld-worlds/reports/p58_finance_meta_reconstruction_v1/projected --audit-only --rankings /workspace/wynckeliao/longworld-worlds/reports/p58_finance_meta_reconstruction_v1/projected/rankings.jsonl --audit-workers 3 --length-bucket 64k
