{
  "status": "PASS",
  "receipt_path": "/workspace/wynckeliao/longworld/data/candidates/p65_finance_disclosure_versions_v1/siriusxm/BUILD_RECEIPT.json",
  "semantic_tasks": 16,
  "short_local_candidates": 0,
  "long_local_candidates": 16,
  "long_dependency_eligible": 0,
  "compact_all_statement_context_tokens": 12244,
  "yield_funnel": {
    "native_source_documents": 4,
    "comparative_claims": 80,
    "actual_conflicting_metric_periods": 11,
    "version_sensitive_tasks": 16,
    "compact_controls_below_32k": 16,
    "primary_natural_long_candidates": 16,
    "primary_short_candidates": 0,
    "long_dependency_qualified": 0
  },
  "by_family": {
    "asof_largest_disclosure_change": 2,
    "asof_disclosure_delta": 11,
    "asof_sign_transition": 1,
    "asof_changed_metrics": 2
  }
}
