$ /workspace/wynckeliao/longworld-worlds/.venv/bin/python /workspace/wynckeliao/longworld-worlds/scripts/run_with_local_probe_trust.py --trust-file /workspace/wynckeliao/.longworld-scaleout-20260906-private/ietf-dnssec/local_probe_trust.json --role source --role candidate --allow-combined-roles --pass-env HF_HOME --pass-env HF_HUB_OFFLINE --pass-env TRANSFORMERS_OFFLINE --pass-env TOKENIZERS_PARALLELISM -- /workspace/wynckeliao/longworld-worlds/.venv/bin/python /workspace/wynckeliao/longworld-worlds/reports/p57_ietf_dnssec_succession_generate.py --config /workspace/wynckeliao/longworld-worlds/configs/p57_ietf_dnssec_succession_generation_v1.json
Traceback (most recent call last):
  File "/workspace/wynckeliao/longworld-worlds/reports/p57_ietf_dnssec_succession_generate.py", line 911, in <module>
    main()
  File "/workspace/wynckeliao/longworld-worlds/reports/p57_ietf_dnssec_succession_generate.py", line 907, in main
    print(json.dumps(build(parser.parse_args().config), sort_keys=True))
                     ^^^^^^^^^^^^^^^^^^^^^^^^^^^^^^^^^
  File "/workspace/wynckeliao/longworld-worlds/reports/p57_ietf_dnssec_succession_generate.py", line 674, in build
    signed = json.loads(signed_path.read_text())
                        ^^^^^^^^^^^^^^^^^^^^^^^
  File "/usr/lib/python3.12/pathlib.py", line 1029, in read_text
    with self.open(mode='r', encoding=encoding, errors=errors) as f:
         ^^^^^^^^^^^^^^^^^^^^^^^^^^^^^^^^^^^^^^^^^^^^^^^^^^^^^
  File "/usr/lib/python3.12/pathlib.py", line 1015, in open
    return io.open(self, mode, buffering, encoding, errors, newline)
           ^^^^^^^^^^^^^^^^^^^^^^^^^^^^^^^^^^^^^^^^^^^^^^^^^^^^^^^^^
FileNotFoundError: [Errno 2] No such file or directory: '/workspace/wynckeliao/longworld/data/source_inventory/p57_ietf_dnssec_family_v1/ietf_workflow_manifest.p57.dnssec.v1.signed.json'
$ /workspace/wynckeliao/longworld-worlds/.venv/bin/python /workspace/wynckeliao/longworld-worlds/scripts/run_with_local_probe_trust.py --trust-file /workspace/wynckeliao/.longworld-scaleout-20260906-private/ietf-dnssec/local_probe_trust.json --role source --role candidate --allow-combined-roles --pass-env HF_HOME --pass-env HF_HUB_OFFLINE --pass-env TRANSFORMERS_OFFLINE --pass-env TOKENIZERS_PARALLELISM -- /workspace/wynckeliao/longworld-worlds/.venv/bin/python /workspace/wynckeliao/longworld-worlds/reports/p57_ietf_dnssec_succession_generate.py --config /workspace/wynckeliao/longworld-worlds/configs/p57_ietf_dnssec_succession_generation_v1.json
Traceback (most recent call last):
  File "/workspace/wynckeliao/longworld-worlds/reports/p57_ietf_dnssec_succession_generate.py", line 911, in <module>
    main()
  File "/workspace/wynckeliao/longworld-worlds/reports/p57_ietf_dnssec_succession_generate.py", line 907, in main
    print(json.dumps(build(parser.parse_args().config), sort_keys=True))
                     ^^^^^^^^^^^^^^^^^^^^^^^^^^^^^^^^^
  File "/workspace/wynckeliao/longworld-worlds/reports/p57_ietf_dnssec_succession_generate.py", line 674, in build
    signed = json.loads(signed_path.read_text())
                        ^^^^^^^^^^^^^^^^^^^^^^^
  File "/usr/lib/python3.12/pathlib.py", line 1029, in read_text
    with self.open(mode='r', encoding=encoding, errors=errors) as f:
         ^^^^^^^^^^^^^^^^^^^^^^^^^^^^^^^^^^^^^^^^^^^^^^^^^^^^^
  File "/usr/lib/python3.12/pathlib.py", line 1015, in open
    return io.open(self, mode, buffering, encoding, errors, newline)
           ^^^^^^^^^^^^^^^^^^^^^^^^^^^^^^^^^^^^^^^^^^^^^^^^^^^^^^^^^
FileNotFoundError: [Errno 2] No such file or directory: '/workspace/wynckeliao/longworld/data/source_inventory/p57_ietf_dnssec_family_v1/ietf_workflow_manifest.p57.dnssec.v1.signed.json'
$ /workspace/wynckeliao/longworld-worlds/.venv/bin/python /workspace/wynckeliao/longworld-worlds/scripts/run_with_local_probe_trust.py --trust-file /workspace/wynckeliao/.longworld-scaleout-20260906-private/ietf-dnssec/local_probe_trust.json --role source --role candidate --allow-combined-roles --pass-env HF_HOME --pass-env HF_HUB_OFFLINE --pass-env TRANSFORMERS_OFFLINE --pass-env TOKENIZERS_PARALLELISM -- /workspace/wynckeliao/longworld-worlds/.venv/bin/python /workspace/wynckeliao/longworld-worlds/reports/p57_ietf_dnssec_succession_generate.py --config /workspace/wynckeliao/longworld-worlds/configs/p57_ietf_dnssec_succession_generation_v1.json
Traceback (most recent call last):
  File "/workspace/wynckeliao/longworld-worlds/reports/p57_ietf_dnssec_succession_generate.py", line 370, in <module>
    main()
  File "/workspace/wynckeliao/longworld-worlds/reports/p57_ietf_dnssec_succession_generate.py", line 366, in main
    print(json.dumps(build(parser.parse_args().config), sort_keys=True))
                     ^^^^^^^^^^^^^^^^^^^^^^^^^^^^^^^^^
  File "/workspace/wynckeliao/longworld-worlds/reports/p57_ietf_dnssec_succession_generate.py", line 68, in build
    raise ValueError("DNSSEC fetch inventory hash changed")
ValueError: DNSSEC fetch inventory hash changed
$ /workspace/wynckeliao/longworld-worlds/.venv/bin/python /workspace/wynckeliao/longworld-worlds/scripts/run_with_local_probe_trust.py --trust-file /workspace/wynckeliao/.longworld-scaleout-20260906-private/ietf-dnssec/local_probe_trust.json --role source --role candidate --role ranker --role auditor --allow-combined-roles --pass-env HF_HOME --pass-env HF_HUB_OFFLINE --pass-env TRANSFORMERS_OFFLINE --pass-env TOKENIZERS_PARALLELISM -- /workspace/wynckeliao/longworld-worlds/.venv/bin/python /workspace/wynckeliao/longworld-worlds/scripts/project_task_candidate_views.py --candidates /workspace/wynckeliao/longworld/data/candidates/p57_ietf_dnssec_succession_v1/parents.jsonl --sidecar /workspace/wynckeliao/longworld-worlds/reports/p57_ietf_dnssec_succession_v1/projected/TASK_REPLAY_SIDECAR_V3.json --output-dir /workspace/wynckeliao/longworld-worlds/reports/p57_ietf_dnssec_succession_v1/projected --audit-only --rankings /workspace/wynckeliao/longworld-worlds/reports/p57_ietf_dnssec_succession_v1/projected/rankings.jsonl --audit-workers 2 --length-bucket 64k
multiprocessing.pool.RemoteTraceback: 
"""
Traceback (most recent call last):
  File "/workspace/wynckeliao/longworld-worlds/longworld/core/taskpromotion.py", line 1051, in create_task_dense_audit
    task_proof = compute_task_proof(
                 ^^^^^^^^^^^^^^^^^^^
  File "/workspace/wynckeliao/longworld-worlds/longworld/core/taskproof.py", line 2378, in compute_task_proof
    raise TaskProofError("task proof complexity is insufficient")
longworld.core.taskproof.TaskProofError: task proof complexity is insufficient

The above exception was the direct cause of the following exception:

Traceback (most recent call last):
  File "/usr/lib/python3.12/multiprocessing/pool.py", line 125, in worker
    result = (True, func(*args, **kwds))
                    ^^^^^^^^^^^^^^^^^^^
  File "/usr/lib/python3.12/multiprocessing/pool.py", line 48, in mapstar
    return list(map(*args))
           ^^^^^^^^^^^^^^^^
  File "/workspace/wynckeliao/longworld-worlds/scripts/project_task_candidate_views.py", line 333, in _audit_one_projection
    return create_task_dense_audit(
           ^^^^^^^^^^^^^^^^^^^^^^^^
  File "/workspace/wynckeliao/longworld-worlds/longworld/core/taskpromotion.py", line 1057, in create_task_dense_audit
    raise PromotionError(f"task upstream proof replay failed: {error}") from error
longworld.core.promotion.PromotionError: task upstream proof replay failed: task proof complexity is insufficient
"""

The above exception was the direct cause of the following exception:

Traceback (most recent call last):
  File "/workspace/wynckeliao/longworld-worlds/scripts/project_task_candidate_views.py", line 521, in <module>
    raise SystemExit(main())
                     ^^^^^^
  File "/workspace/wynckeliao/longworld-worlds/scripts/project_task_candidate_views.py", line 497, in main
    audit_projections(
  File "/workspace/wynckeliao/longworld-worlds/scripts/project_task_candidate_views.py", line 438, in audit_projections
    audits = pool.map(_audit_one_projection, items, chunksize=1)
             ^^^^^^^^^^^^^^^^^^^^^^^^^^^^^^^^^^^^^^^^^^^^^^^^^^^
  File "/usr/lib/python3.12/multiprocessing/pool.py", line 367, in map
    return self._map_async(func, iterable, mapstar, chunksize).get()
           ^^^^^^^^^^^^^^^^^^^^^^^^^^^^^^^^^^^^^^^^^^^^^^^^^^^^^^^^^
  File "/usr/lib/python3.12/multiprocessing/pool.py", line 774, in get
    raise self._value
longworld.core.promotion.PromotionError: task upstream proof replay failed: task proof complexity is insufficient
