$ /workspace/wynckeliao/longworld-worlds/.venv/bin/python /workspace/wynckeliao/longworld-worlds/scripts/run_with_local_probe_trust.py --trust-file /workspace/wynckeliao/.longworld-scaleout-20260906-private/ietf-http2/local_probe_trust.json --role source --role candidate --role ranker --role auditor --allow-combined-roles --pass-env HF_HOME --pass-env HF_HUB_OFFLINE --pass-env TRANSFORMERS_OFFLINE --pass-env TOKENIZERS_PARALLELISM -- /workspace/wynckeliao/longworld-worlds/.venv/bin/python /workspace/wynckeliao/longworld-worlds/scripts/project_task_candidate_views.py --candidates /workspace/wynckeliao/longworld/data/candidates/p57_ietf_http2_succession_v1/parents.jsonl --sidecar /workspace/wynckeliao/longworld-worlds/reports/p57_ietf_http2_succession_v1/projected/TASK_REPLAY_SIDECAR_V3.json --output-dir /workspace/wynckeliao/longworld-worlds/reports/p57_ietf_http2_succession_v1/projected --audit-only --rankings /workspace/wynckeliao/longworld-worlds/reports/p57_ietf_http2_succession_v1/projected/rankings.jsonl --audit-workers 2 --length-bucket 64k
multiprocessing.pool.RemoteTraceback: 
"""
Traceback (most recent call last):
  File "/workspace/wynckeliao/longworld-worlds/longworld/core/taskpromotion.py", line 1047, in create_task_dense_audit
    task_proof = compute_task_proof(
                 ^^^^^^^^^^^^^^^^^^^
  File "/workspace/wynckeliao/longworld-worlds/longworld/core/taskproof.py", line 2362, in compute_task_proof
    raise TaskProofError("task proof complexity is insufficient")
longworld.core.taskproof.TaskProofError: task proof complexity is insufficient

The above exception was the direct cause of the following exception:

Traceback (most recent call last):
  File "/usr/lib/python3.12/multiprocessing/pool.py", line 125, in worker
    result = (True, func(*args, **kwds))
                    ^^^^^^^^^^^^^^^^^^^
  File "/usr/lib/python3.12/multiprocessing/pool.py", line 48, in mapstar
    return list(map(*args))
           ^^^^^^^^^^^^^^^^
  File "/workspace/wynckeliao/longworld-worlds/scripts/project_task_candidate_views.py", line 333, in _audit_one_projection
    return create_task_dense_audit(
           ^^^^^^^^^^^^^^^^^^^^^^^^
  File "/workspace/wynckeliao/longworld-worlds/longworld/core/taskpromotion.py", line 1053, in create_task_dense_audit
    raise PromotionError(f"task upstream proof replay failed: {error}") from error
longworld.core.promotion.PromotionError: task upstream proof replay failed: task proof complexity is insufficient
"""

The above exception was the direct cause of the following exception:

Traceback (most recent call last):
  File "/workspace/wynckeliao/longworld-worlds/scripts/project_task_candidate_views.py", line 521, in <module>
    raise SystemExit(main())
                     ^^^^^^
  File "/workspace/wynckeliao/longworld-worlds/scripts/project_task_candidate_views.py", line 497, in main
    audit_projections(
  File "/workspace/wynckeliao/longworld-worlds/scripts/project_task_candidate_views.py", line 438, in audit_projections
    audits = pool.map(_audit_one_projection, items, chunksize=1)
             ^^^^^^^^^^^^^^^^^^^^^^^^^^^^^^^^^^^^^^^^^^^^^^^^^^^
  File "/usr/lib/python3.12/multiprocessing/pool.py", line 367, in map
    return self._map_async(func, iterable, mapstar, chunksize).get()
           ^^^^^^^^^^^^^^^^^^^^^^^^^^^^^^^^^^^^^^^^^^^^^^^^^^^^^^^^^
  File "/usr/lib/python3.12/multiprocessing/pool.py", line 774, in get
    raise self._value
longworld.core.promotion.PromotionError: task upstream proof replay failed: task proof complexity is insufficient
$ /workspace/wynckeliao/longworld-worlds/.venv/bin/python /workspace/wynckeliao/longworld-worlds/scripts/run_with_local_probe_trust.py --trust-file /workspace/wynckeliao/.longworld-scaleout-20260906-private/ietf-http2/local_probe_trust.json --role source --role candidate --allow-combined-roles --pass-env HF_HOME --pass-env HF_HUB_OFFLINE --pass-env TRANSFORMERS_OFFLINE --pass-env TOKENIZERS_PARALLELISM -- /workspace/wynckeliao/longworld-worlds/.venv/bin/python /workspace/wynckeliao/longworld-worlds/scripts/project_task_candidate_views.py --candidates /workspace/wynckeliao/longworld/data/candidates/p57_ietf_http2_succession_v1/parents.jsonl --sidecar /workspace/wynckeliao/longworld/data/candidates/p57_ietf_http2_succession_v1/TASK_REPLAY_SIDECAR.json --output-dir /workspace/wynckeliao/longworld-worlds/reports/p57_ietf_http2_succession_v1/projected
$ /workspace/wynckeliao/longworld-worlds/.venv/bin/python /workspace/wynckeliao/longworld-worlds/scripts/run_with_local_probe_trust.py --trust-file /workspace/wynckeliao/.longworld-scaleout-20260906-private/ietf-http2/local_probe_trust.json --role ranker --pass-env HF_HOME --pass-env HF_HUB_OFFLINE --pass-env TRANSFORMERS_OFFLINE --pass-env TOKENIZERS_PARALLELISM -- /workspace/wynckeliao/longworld-worlds/.venv/bin/python /workspace/wynckeliao/longworld-worlds/scripts/rank_candidates_dense.py --candidates /workspace/wynckeliao/longworld-worlds/reports/p57_ietf_http2_succession_v1/projected/candidates.jsonl --output /workspace/wynckeliao/longworld-worlds/reports/p57_ietf_http2_succession_v1/projected/rankings.jsonl --model-id sentence-transformers/all-MiniLM-L6-v2 --revision 1110a243fdf4706b3f48f1d95db1a4f5529b4d41
Loading weights:   0%|          | 0/103 [00:00<?, ?it/s]Loading weights: 100%|██████████| 103/103 [00:00<00:00, 1921.85it/s]
[transformers] Token indices sequence length is longer than the specified maximum sequence length for this model (394 > 256). Running {"rows": 3, "output": "/workspace/wynckeliao/longworld-worlds/rthis sequence through the model will result in indexing errors
eports/p57_ietf_http2_succession_v1/projected/rankings.jsonl"}
$ /workspace/wynckeliao/longworld-worlds/.venv/bin/python /workspace/wynckeliao/longworld-worlds/scripts/run_with_local_probe_trust.py --trust-file /workspace/wynckeliao/.longworld-scaleout-20260906-private/ietf-http2/local_probe_trust.json --role source --role candidate --role ranker --role auditor --allow-combined-roles --pass-env HF_HOME --pass-env HF_HUB_OFFLINE --pass-env TRANSFORMERS_OFFLINE --pass-env TOKENIZERS_PARALLELISM -- /workspace/wynckeliao/longworld-worlds/.venv/bin/python /workspace/wynckeliao/longworld-worlds/scripts/project_task_candidate_views.py --candidates /workspace/wynckeliao/longworld/data/candidates/p57_ietf_http2_succession_v1/parents.jsonl --sidecar /workspace/wynckeliao/longworld-worlds/reports/p57_ietf_http2_succession_v1/projected/TASK_REPLAY_SIDECAR_V3.json --output-dir /workspace/wynckeliao/longworld-worlds/reports/p57_ietf_http2_succession_v1/projected --audit-only --rankings /workspace/wynckeliao/longworld-worlds/reports/p57_ietf_http2_succession_v1/projected/rankings.jsonl --audit-workers 2 --length-bucket 64k
